
> full-page-screenshot-extension@1.0.0 test
> jest

  console.log
    No specific scroll container found, using document.documentElement

      at log (content_script.js:130:17)

  console.log
    No specific scroll container found, using document.documentElement

      at log (content_script.js:130:17)

  console.log
    No specific scroll container found, using document.documentElement

      at log (content_script.js:130:17)

  console.log
    No specific scroll container found, using document.documentElement

      at log (content_script.js:130:17)

  console.log
    No specific scroll container found, using document.documentElement

      at log (content_script.js:130:17)

  console.log
    No specific scroll container found, using document.documentElement

      at log (content_script.js:130:17)

npm : FAIL tests/scroll_detection.test.js
At line:1 char:1
+ npm test > test_output.txt 2>&1
+ ~~~~~~~~~~~~~~~~~~~~~~~~~~~~~~~
    + CategoryInfo          : NotSpecified: (FA 
   IL tests/scroll_detection.test.js:String) [  
  ], RemoteException
    + FullyQualifiedErrorId : NativeCommandErro 
   r
 
  findScrollableElement
    ΓêÜ should return document.documentElement 
if no other scrollable element exists (21 ms)
    ├ù should find a visible element with 
overflow: auto and content larger than view (6 
ms)
    ΓêÜ should ignore hidden elements even if 
they are scrollable (2 ms)
    ΓêÜ should ignore elements with visibility: 
hidden (2 ms)
    ├ù should prioritize the element with the 
largest scrollHeight (2 ms)
    ΓêÜ should ignore elements outside the 
viewport (1 ms)

  ΓùÅ findScrollableElement ΓÇ║ should find a 
visible element with overflow: auto and content 
larger than view

    expect(received).toBe(expected) // 
Object.is equality

    - Expected  - 0
    + Received  + 5

    + <html>
    +   <head />
    +   <body>
          <div />
    +   </body>
    + </html>

    [0m [90m 72 |[39m
     [90m 73 |[39m         [36mconst[39m 
result [33m=[39m 
findScrollableElement()[33m;[39m
    [31m[1m>[22m[39m[90m 74 |[39m         
expect(result)[33m.[39mtoBe(div)[33m;[39m
     [90m    |[39m                        
[31m[1m^[22m[39m
     [90m 75 |[39m     })[33m;[39m
     [90m 76 |[39m
     [90m 77 |[39m     test([32m'should 
ignore hidden elements even if they are 
scrollable'[39m[33m,[39m () [33m=>[39m 
{[0m

      at Object.toBe 
(tests/scroll_detection.test.js:74:24)

  ΓùÅ findScrollableElement ΓÇ║ should 
prioritize the element with the largest 
scrollHeight

    expect(received).toBe(expected) // 
Object.is equality

    - Expected  - 0
    + Received  + 6

    + <html>
    +   <head />
    +   <body>
    +     <div />
          <div />
    +   </body>
    + </html>

    [0m [90m 105 |[39m
     [90m 106 |[39m         [36mconst[39m 
result [33m=[39m 
findScrollableElement()[33m;[39m
    [31m[1m>[22m[39m[90m 107 |[39m        
 expect(result)[33m.[39mtoBe(bigScroll)[33m;
[39m
     [90m     |[39m                        
[31m[1m^[22m[39m
     [90m 108 |[39m     })[33m;[39m
     [90m 109 |[39m
     [90m 110 |[39m     test([32m'should 
ignore elements outside the 
viewport'[39m[33m,[39m () [33m=>[39m {[0m

      at Object.toBe 
(tests/scroll_detection.test.js:107:24)

Test Suites: 1 failed, 1 total
Tests:       2 failed, 4 passed, 6 total
Snapshots:   0 total
Time:        0.58 s, estimated 1 s
Ran all test suites.
